==============================================================================
Tests                                                                         
==============================================================================
Tests.testDemo2 :: To Valid the login page                                    
==============================================================================
Validated child window functionality                                  | PASS |
------------------------------------------------------------------------------
Tests.testDemo2 :: To Valid the login page                            | PASS |
1 test, 1 passed, 0 failed
==============================================================================
Tests                                                                 | PASS |
1 test, 1 passed, 0 failed
==============================================================================
Output:  C:\Users\tarun.jaiswal\PycharmProjects\pythonProject\robotframework\tests\pabot_results\1\output.xml
