==============================================================================
Tests                                                                         
==============================================================================
Tests.testDemo3 :: To Valid the login page                                    
==============================================================================
Invalid username                                                      | PASS |
------------------------------------------------------------------------------
Invalid password                                                      | PASS |
------------------------------------------------------------------------------
Invalid user an password                                              | PASS |
------------------------------------------------------------------------------
Special chars                                                         | PASS |
------------------------------------------------------------------------------
Valid user and valid passoword                                        | FAIL |
Element 'css:.alert.alert-danger' not visible after 5 seconds.
------------------------------------------------------------------------------
Tests.testDemo3 :: To Valid the login page                            | FAIL |
5 tests, 4 passed, 1 failed
==============================================================================
Tests                                                                 | FAIL |
5 tests, 4 passed, 1 failed
==============================================================================
Output:  C:\Users\tarun.jaiswal\PycharmProjects\pythonProject\robotframework\tests\pabot_results\2\output.xml
